------------------------------------------------------------
TimeQuest Timing Analyzer Summary
------------------------------------------------------------

Type  : Slow 1200mV 85C Model Setup 'KEY[1]'
Slack : -6.142
TNS   : -302.707

Type  : Slow 1200mV 85C Model Setup 'CLOCK_50'
Slack : -4.033
TNS   : -956.792

Type  : Slow 1200mV 85C Model Setup 'KEY[0]'
Slack : -1.115
TNS   : -21.873

Type  : Slow 1200mV 85C Model Hold 'KEY[1]'
Slack : -0.855
TNS   : -9.807

Type  : Slow 1200mV 85C Model Hold 'KEY[0]'
Slack : 0.200
TNS   : 0.000

Type  : Slow 1200mV 85C Model Hold 'CLOCK_50'
Slack : 0.519
TNS   : 0.000

Type  : Slow 1200mV 85C Model Recovery 'CLOCK_50'
Slack : -0.106
TNS   : -6.985

Type  : Slow 1200mV 85C Model Recovery 'KEY[0]'
Slack : 0.052
TNS   : 0.000

Type  : Slow 1200mV 85C Model Removal 'CLOCK_50'
Slack : -0.337
TNS   : -13.113

Type  : Slow 1200mV 85C Model Removal 'KEY[0]'
Slack : -0.134
TNS   : -1.585

Type  : Slow 1200mV 85C Model Minimum Pulse Width 'CLOCK_50'
Slack : -3.000
TNS   : -352.520

Type  : Slow 1200mV 85C Model Minimum Pulse Width 'KEY[0]'
Slack : -3.000
TNS   : -31.270

Type  : Slow 1200mV 85C Model Minimum Pulse Width 'KEY[1]'
Slack : -3.000
TNS   : -3.000

Type  : Slow 1200mV 0C Model Setup 'KEY[1]'
Slack : -5.645
TNS   : -271.020

Type  : Slow 1200mV 0C Model Setup 'CLOCK_50'
Slack : -3.600
TNS   : -858.333

Type  : Slow 1200mV 0C Model Setup 'KEY[0]'
Slack : -0.908
TNS   : -17.764

Type  : Slow 1200mV 0C Model Hold 'KEY[1]'
Slack : -0.710
TNS   : -7.630

Type  : Slow 1200mV 0C Model Hold 'KEY[0]'
Slack : 0.145
TNS   : 0.000

Type  : Slow 1200mV 0C Model Hold 'CLOCK_50'
Slack : 0.586
TNS   : 0.000

Type  : Slow 1200mV 0C Model Recovery 'CLOCK_50'
Slack : -0.039
TNS   : -0.760

Type  : Slow 1200mV 0C Model Recovery 'KEY[0]'
Slack : 0.192
TNS   : 0.000

Type  : Slow 1200mV 0C Model Removal 'CLOCK_50'
Slack : -0.229
TNS   : -2.071

Type  : Slow 1200mV 0C Model Removal 'KEY[0]'
Slack : -0.144
TNS   : -1.784

Type  : Slow 1200mV 0C Model Minimum Pulse Width 'CLOCK_50'
Slack : -3.000
TNS   : -352.520

Type  : Slow 1200mV 0C Model Minimum Pulse Width 'KEY[0]'
Slack : -3.000
TNS   : -31.270

Type  : Slow 1200mV 0C Model Minimum Pulse Width 'KEY[1]'
Slack : -3.000
TNS   : -3.000

Type  : Fast 1200mV 0C Model Setup 'KEY[1]'
Slack : -2.545
TNS   : -111.100

Type  : Fast 1200mV 0C Model Setup 'CLOCK_50'
Slack : -2.301
TNS   : -547.121

Type  : Fast 1200mV 0C Model Setup 'KEY[0]'
Slack : -0.480
TNS   : -2.561

Type  : Fast 1200mV 0C Model Hold 'KEY[1]'
Slack : -0.760
TNS   : -16.238

Type  : Fast 1200mV 0C Model Hold 'KEY[0]'
Slack : 0.048
TNS   : 0.000

Type  : Fast 1200mV 0C Model Hold 'CLOCK_50'
Slack : 0.099
TNS   : 0.000

Type  : Fast 1200mV 0C Model Recovery 'CLOCK_50'
Slack : -0.186
TNS   : -36.181

Type  : Fast 1200mV 0C Model Recovery 'KEY[0]'
Slack : -0.173
TNS   : -2.717

Type  : Fast 1200mV 0C Model Removal 'CLOCK_50'
Slack : -0.283
TNS   : -38.336

Type  : Fast 1200mV 0C Model Removal 'KEY[0]'
Slack : -0.082
TNS   : -1.312

Type  : Fast 1200mV 0C Model Minimum Pulse Width 'CLOCK_50'
Slack : -3.000
TNS   : -353.292

Type  : Fast 1200mV 0C Model Minimum Pulse Width 'KEY[0]'
Slack : -3.000
TNS   : -28.344

Type  : Fast 1200mV 0C Model Minimum Pulse Width 'KEY[1]'
Slack : -3.000
TNS   : -15.125

------------------------------------------------------------
